=== RUN   TestResolveCachePolicy
=== RUN   TestResolveCachePolicy/static_request
=== RUN   TestResolveCachePolicy/departure_time_makes_traffic_policy
=== RUN   TestResolveCachePolicy/departure_time_now_makes_traffic_policy
--- PASS: TestResolveCachePolicy (0.00s)
    --- PASS: TestResolveCachePolicy/static_request (0.00s)
    --- PASS: TestResolveCachePolicy/departure_time_makes_traffic_policy (0.00s)
    --- PASS: TestResolveCachePolicy/departure_time_now_makes_traffic_policy (0.00s)
=== RUN   TestBuildMatrixCacheKeyStaticIgnoresAvoidOrder
--- PASS: TestBuildMatrixCacheKeyStaticIgnoresAvoidOrder (0.00s)
=== RUN   TestBuildMatrixCacheKeyTrafficIncludesDateAndSlot
--- PASS: TestBuildMatrixCacheKeyTrafficIncludesDateAndSlot (0.00s)
=== RUN   TestMatrixCacheTTLByMode
--- PASS: TestMatrixCacheTTLByMode (0.00s)
=== RUN   TestMatrixCacheTTLTrafficUsesSlot
--- PASS: TestMatrixCacheTTLTrafficUsesSlot (0.00s)
=== RUN   TestMatrixTrafficSlot
--- PASS: TestMatrixTrafficSlot (0.00s)
=== RUN   TestDevMatrixCacheConfigUsesMonthTTL
--- PASS: TestDevMatrixCacheConfigUsesMonthTTL (0.00s)
=== RUN   TestGoogleMapsMatrix
    matrix_test.go:21: event=cache_bypass              policy=static   key= origins=0 dests=0 err=
    matrix_test.go:21: event=api_request               policy=static   key= origins=3 dests=3 err=
    matrix_test.go:49: durations=[[0 14 20] [14 0 12] [23 16 0]]
    matrix_test.go:50: distances=[[0 4860 8024] [4447 0 4323] [8168 4794 0]]
    matrix_test.go:55: Full Distance Matrix response:
        {
          "status": "OK",
          "origin_addresses": [
            "QG42+GPJ, Wat Bowon Niwet, Phra Nakhon, Bangkok 10200, Thailand",
            "417, 991 Rama I Rd, Khwaeng Pathum Wan, Pathum Wan, Krung Thep Maha Nakhon 10330, Thailand",
            "192 Rama IV Rd, Khwaeng Lumphini, Pathum Wan, Krung Thep Maha Nakhon 10330, Thailand"
          ],
          "destination_addresses": [
            "QG42+GPJ, Wat Bowon Niwet, Phra Nakhon, Bangkok 10200, Thailand",
            "417, 991 Rama I Rd, Khwaeng Pathum Wan, Pathum Wan, Krung Thep Maha Nakhon 10330, Thailand",
            "192 Rama IV Rd, Khwaeng Lumphini, Pathum Wan, Krung Thep Maha Nakhon 10330, Thailand"
          ],
          "rows": [
            {
              "elements": [
                {
                  "status": "OK",
                  "distance": {
                    "value": 0,
                    "text": "1 m"
                  },
                  "duration": {
                    "value": 0,
                    "text": "1 min"
                  }
                },
                {
                  "status": "OK",
                  "distance": {
                    "value": 4860,
                    "text": "4.9 km"
                  },
                  "duration": {
                    "value": 894,
                    "text": "15 mins"
                  }
                },
                {
                  "status": "OK",
                  "distance": {
                    "value": 8024,
                    "text": "8.0 km"
                  },
                  "duration": {
                    "value": 1228,
                    "text": "20 mins"
                  }
                }
              ]
            },
            {
              "elements": [
                {
                  "status": "OK",
                  "distance": {
                    "value": 4447,
                    "text": "4.4 km"
                  },
                  "duration": {
                    "value": 888,
                    "text": "15 mins"
                  }
                },
                {
                  "status": "OK",
                  "distance": {
                    "value": 0,
                    "text": "1 m"
                  },
                  "duration": {
                    "value": 0,
                    "text": "1 min"
                  }
                },
                {
                  "status": "OK",
                  "distance": {
                    "value": 4323,
                    "text": "4.3 km"
                  },
                  "duration": {
                    "value": 740,
                    "text": "12 mins"
                  }
                }
              ]
            },
            {
              "elements": [
                {
                  "status": "OK",
                  "distance": {
                    "value": 8168,
                    "text": "8.2 km"
                  },
                  "duration": {
                    "value": 1423,
                    "text": "24 mins"
                  }
                },
                {
                  "status": "OK",
                  "distance": {
                    "value": 4794,
                    "text": "4.8 km"
                  },
                  "duration": {
                    "value": 994,
                    "text": "17 mins"
                  }
                },
                {
                  "status": "OK",
                  "distance": {
                    "value": 0,
                    "text": "1 m"
                  },
                  "duration": {
                    "value": 0,
                    "text": "1 min"
                  }
                }
              ]
            }
          ]
        }
--- PASS: TestGoogleMapsMatrix (0.50s)
=== RUN   TestGoogleMapsMatrixBatch
    matrix_test.go:21: event=cache_bypass              policy=static   key= origins=0 dests=0 err=
    matrix_test.go:21: event=api_request               policy=static   key= origins=10 dests=10 err=
    matrix_test.go:21: event=api_request               policy=static   key= origins=10 dests=10 err=
    matrix_test.go:21: event=api_request               policy=static   key= origins=10 dests=10 err=
    matrix_test.go:21: event=api_request               policy=static   key= origins=10 dests=10 err=
    matrix_test.go:21: event=api_request               policy=static   key= origins=10 dests=10 err=
    matrix_test.go:21: event=api_request               policy=static   key= origins=10 dests=10 err=
    matrix_test.go:21: event=api_request               policy=static   key= origins=10 dests=10 err=
    matrix_test.go:21: event=api_request               policy=static   key= origins=10 dests=10 err=
    matrix_test.go:21: event=api_request               policy=static   key= origins=10 dests=10 err=
    matrix_test.go:80: durations=[[0 3 4 14 11 10 11 14 17 17 19 21 18 16 15 17 19 23 22 24 22 25 26 28 29 26 31 28 31 33] [3 0 4 14 14 10 11 14 17 18 19 21 18 16 15 17 19 23 22 24 22 25 27 28 29 26 31 29 31 33] [4 5 0 12 13 9 10 13 16 16 18 19 16 15 14 16 17 21 21 23 20 24 25 26 28 25 30 27 30 31] [8 12 13 0 6 11 11 14 19 20 22 22 20 18 17 19 21 25 24 26 24 27 28 30 31 28 33 30 33 35] [12 13 11 11 0 5 5 8 13 14 16 16 14 12 11 13 15 19 18 20 18 21 22 24 25 22 27 24 27 29] [10 11 9 11 12 0 3 5 10 11 13 16 13 12 11 12 14 18 18 20 17 21 22 23 25 22 27 24 27 28] [15 16 13 13 14 7 0 3 8 8 10 14 13 11 10 12 14 18 17 19 17 20 21 23 24 21 26 23 26 28] [12 14 12 12 13 6 6 0 5 5 9 14 13 11 10 12 14 18 17 18 16 19 20 23 24 21 26 23 26 28] [15 17 14 15 15 9 9 6 0 3 7 11 14 13 14 16 16 21 18 19 17 20 21 23 25 23 27 24 28 28] [18 20 18 18 19 12 11 9 5 0 8 12 13 12 11 12 14 18 18 20 17 20 22 23 24 22 26 24 27 28] [20 22 19 20 20 14 14 13 11 9 0 6 9 7 9 10 12 16 16 18 15 18 19 21 23 21 25 22 26 26] [21 23 20 21 22 15 13 12 8 6 3 0 11 9 11 12 14 18 18 19 17 20 21 23 25 23 27 24 28 28] [17 19 16 17 17 11 11 10 11 9 6 2 0 4 5 7 9 13 12 14 11 14 16 18 19 18 21 19 22 23] [20 22 20 20 21 14 14 13 16 14 11 7 5 0 6 5 7 11 9 10 7 10 12 14 15 14 17 15 18 19] [18 20 18 18 19 13 13 11 14 12 9 5 3 1 0 2 4 8 8 11 7 11 12 14 15 14 17 15 19 19] [21 23 21 21 22 15 15 14 17 15 12 8 6 4 2 0 3 7 9 9 7 10 11 13 15 13 17 14 18 18] [24 26 24 24 24 18 18 17 19 18 15 11 8 7 5 2 0 5 6 9 7 11 12 14 15 14 18 15 19 19] [25 26 24 24 25 19 19 18 20 19 15 12 9 8 6 5 5 0 3 5 6 10 12 14 15 13 17 15 18 19] [23 24 22 23 24 18 18 17 21 20 16 13 10 9 7 6 6 3 0 3 4 8 10 12 13 11 15 12 16 17] [25 26 23 25 26 20 20 18 21 22 18 15 12 12 10 10 10 6 4 0 6 10 12 13 15 13 17 14 18 18] [23 25 22 23 23 17 17 16 19 19 18 14 11 12 11 10 11 8 8 7 0 4 6 8 9 7 11 8 12 13] [23 24 22 24 25 18 18 17 20 21 18 14 11 11 12 11 12 11 9 10 5 0 4 7 10 11 15 13 16 17] [24 25 23 23 24 18 18 17 19 20 18 15 12 12 12 11 13 10 9 11 6 5 0 4 6 7 12 9 13 14] [27 29 27 27 28 22 22 20 23 23 22 18 16 16 16 15 17 13 13 15 9 7 4 0 3 9 13 11 14 15] [30 32 30 30 31 24 24 23 26 26 25 21 18 18 19 18 19 16 16 18 12 10 7 4 0 12 15 12 16 17] [28 30 28 28 29 22 23 21 24 24 23 19 16 16 17 16 17 14 13 14 10 9 8 8 9 0 7 7 10 13] [29 31 29 29 30 23 23 22 25 25 24 20 17 18 18 17 18 15 15 17 11 10 12 9 10 6 0 5 9 12] [29 31 29 29 30 23 23 22 25 25 24 20 17 17 18 17 18 15 15 17 11 10 12 9 10 6 5 0 4 9] [30 32 30 30 31 24 24 23 26 26 24 20 18 18 19 18 19 17 15 16 12 11 13 11 12 8 8 3 0 8] [33 35 33 33 34 27 27 26 29 29 28 25 22 22 22 21 22 19 19 21 15 14 16 13 14 10 11 9 9 0]]
    matrix_test.go:81: distances=[[0 812 1492 6117 7704 3596 4257 5064 7290 7736 9721 13180 12535 11894 11691 12392 12971 14484 14617 18739 18841 17294 17629 18417 18933 21503 23210 22520 28147 24660] [968 0 981 5606 8672 3085 3746 4553 6779 7225 9209 12669 12024 11383 11180 11881 12460 13973 14106 18228 18330 16783 17118 17906 18421 20992 22699 22009 27636 24149] [1492 1080 0 5150 5904 2629 3289 4097 6322 6769 8753 12213 11568 10926 10723 11424 12004 13516 13649 17772 17874 16327 16662 17450 17965 20536 22242 21553 27180 23692] [4262 5074 5754 0 2096 3931 4286 5081 6494 6941 7639 12325 11680 11038 10835 11536 12116 13629 13761 17884 17986 16439 16774 17562 18077 20648 22355 21665 27292 23805] [4487 4075 3520 4333 0 1836 2190 2985 4399 4845 5543 10229 9584 8943 8740 9441 10020 11533 11666 15788 15890 14343 14678 15466 15981 18552 20259 19569 25196 21709] [3590 3178 2623 3680 4435 0 939 1746 3160 3606 4304 9576 8931 8290 8087 8788 9367 10880 11013 15135 15237 13690 14025 14813 15328 17899 19606 18916 24543 21056] [5431 5019 4464 4918 5672 2375 0 849 2262 2709 3407 4548 7869 7227 7024 7725 8305 9818 9950 14073 14175 12628 12963 13751 14266 16837 18543 17854 23481 19994] [9959 4644 4089 4851 5605 2405 1734 0 1239 1685 2863 4004 7518 6876 6673 7374 7954 9467 9599 12881 12983 15199 15534 13400 13915 16486 18192 17503 23130 19643] [10828 5513 4958 5720 6474 3274 2603 1528 0 877 2055 3196 4492 3850 4536 5236 11439 7329 12910 13142 13243 15460 15795 16956 17471 17416 19124 18434 19379 20574] [11733 6418 5863 6625 8639 4179 3553 2433 1498 0 2380 3034 4400 4597 5921 6622 7201 8714 8847 12970 13072 11525 11860 12648 13163 15734 17440 16751 22378 18890] [14375 9060 8505 9267 10021 6821 7176 3390 2834 2550 0 1472 2768 2126 2812 3512 4092 5605 5737 6632 7558 9775 10110 11270 11786 11731 13439 12749 13694 14889] [13225 7910 7355 7480 8234 4937 4712 3822 2471 2175 914 0 3413 2771 3457 4157 4737 6250 6382 7532 7634 9850 10186 11346 11861 11806 13514 12824 13769 14964] [13972 8657 8101 8864 9618 6417 6772 4730 3116 2820 1559 645 0 1379 2065 2765 3345 4858 4990 6717 6819 9036 9371 10531 11047 10992 12699 12010 12955 14150] [16519 11204 10649 11411 12165 8965 9320 7278 4876 4581 3320 2405 1761 0 3658 3045 3624 5778 5096 5327 5429 7645 7981 9141 9656 9601 11309 10619 11565 12759] [16057 10742 10187 10949 11703 8502 8857 6815 4414 4118 2857 1943 1298 656 0 1183 1763 3276 3408 4303 5537 7754 8089 9249 9765 9710 11418 10728 11673 12868] [17127 11813 11257 12019 12774 9573 9928 7886 5484 5189 3928 3014 2369 1727 1071 0 1037 2282 2825 4710 4812 7028 7364 8524 9039 8984 10692 10002 10948 12142] [17912 12597 12042 12804 13558 10358 10713 8670 6269 5974 4712 3798 3153 2512 1855 784 0 1517 2060 2954 5138 7355 7690 8851 9366 9311 11019 10329 11274 12469] [18571 13256 12701 13463 14217 11017 11372 9330 6928 6633 5372 4457 3813 3171 2514 2095 1517 0 904 1799 2793 5028 5364 6498 7013 6958 8666 7976 8921 10116] [18694 18282 17727 16568 17322 14121 14476 12434 7403 7108 5847 4933 4288 3646 2990 2570 2060 904 0 1116 2110 4346 4681 5815 6330 6275 7983 7294 8239 9433] [18926 18513 17958 16799 17553 14353 14708 12666 13597 8924 7663 6749 6104 4540 3884 3465 2954 1799 1116 0 2342 4577 4912 6047 6562 6507 8215 7525 8470 9665] [21180 15865 15310 16072 16826 13625 13980 11938 12869 13316 10224 9310 8665 5327 4671 4251 4337 3251 3142 2640 0 2322 2657 3792 4307 4252 5960 5270 6215 7410] [19874 19462 18907 17748 18502 15301 15656 13614 14545 9879 8618 7704 7059 6801 7874 7261 7840 4303 3621 3852 3242 0 1137 2652 3349 5950 6589 5899 6845 8039] [20935 15620 15065 15827 16581 13380 13735 11693 12624 13071 9926 9012 8367 8109 6039 5620 5706 4620 4511 4641 2890 1394 0 1567 2264 4514 5611 4922 5867 7061] [22416 17101 16546 17308 18062 14862 15217 13175 14106 14552 11407 10493 9848 9590 7521 7101 7187 6101 5992 6122 4371 2492 1534 0 1303 4875 5458 4768 5713 6908] [23113 17798 17243 18005 18759 15559 15913 13871 14802 15249 12104 11190 10545 10287 8218 7798 7884 6798 6689 6819 5068 3189 2230 1303 0 5572 5935 5245 6190 7385] [22773 17458 16902 17664 18419 15218 15573 13531 14462 14908 11764 10849 10204 9946 7877 7458 7543 6457 6974 7206 4728 3861 3910 2803 3280 0 2453 2589 3534 5954] [25719 20404 19848 20610 21365 18164 18519 16477 17408 17854 12439 11525 10880 10622 8553 8134 8219 7133 7024 7154 5404 4537 5449 3479 3956 2366 0 1767 2712 5028] [26062 20748 20192 20954 21709 18508 18863 16821 17752 18198 12783 11869 11224 10966 8897 8477 8563 7477 7368 7498 5747 4881 5793 3823 4300 2710 1767 0 986 4151] [27929 22614 22059 22821 23575 20375 20730 18688 19619 20065 15768 14854 14209 13951 9627 9208 14990 8207 10778 11010 10400 7880 6523 4553 5030 3440 2712 986 0 3440] [27733 22418 21863 22625 23379 20179 20534 18491 19422 19869 16704 15790 15145 14887 10567 10148 10234 9148 9039 9169 7418 6552 7463 5494 5971 4380 4485 3644 4150 0]]
--- PASS: TestGoogleMapsMatrixBatch (7.61s)
=== RUN   TestBuildDistanceMatrixQueryIncludesOptions
--- PASS: TestBuildDistanceMatrixQueryIncludesOptions (0.00s)
=== RUN   TestBuildDistanceMatrixQueryDepartureTimeNow
--- PASS: TestBuildDistanceMatrixQueryDepartureTimeNow (0.00s)
=== RUN   TestValidateDistanceMatrixRequestRejectsConflictingTimes
--- PASS: TestValidateDistanceMatrixRequestRejectsConflictingTimes (0.00s)
=== RUN   TestExecuteMatrixRectangularBatching
    matrix_test.go:21: event=cache_bypass              policy=static   key= origins=0 dests=0 err=
    matrix_test.go:21: event=api_request               policy=static   key= origins=10 dests=3 err=
    matrix_test.go:21: event=api_request               policy=static   key= origins=1 dests=3 err=
--- PASS: TestExecuteMatrixRectangularBatching (0.00s)
=== RUN   TestExecuteMatrixUsesDurationInTrafficWhenPresent
    matrix_test.go:21: event=cache_bypass              policy=traffic  key= origins=0 dests=0 err=
    matrix_test.go:21: event=api_request               policy=traffic  key= origins=1 dests=1 err=
--- PASS: TestExecuteMatrixUsesDurationInTrafficWhenPresent (0.00s)
=== RUN   TestExecuteMatrixErrorOnMissingDuration
    matrix_test.go:21: event=cache_bypass              policy=static   key= origins=0 dests=0 err=
    matrix_test.go:21: event=api_request               policy=static   key= origins=1 dests=1 err=
    matrix_test.go:263: got expected error: element [0][0] (o1 -> d1): element status OK but duration fields are absent
--- PASS: TestExecuteMatrixErrorOnMissingDuration (0.00s)
=== RUN   TestExecuteMatrixReturnsTopLevelAPIError
    matrix_test.go:21: event=cache_bypass              policy=static   key= origins=0 dests=0 err=
    matrix_test.go:21: event=api_request               policy=static   key= origins=1 dests=1 err=
    matrix_test.go:21: event=api_status_error          policy=static   key= origins=1 dests=1 err=distance matrix API status: REQUEST_DENIED (bad key)
--- PASS: TestExecuteMatrixReturnsTopLevelAPIError (0.00s)
=== RUN   TestExecuteMatrixSupportsRegionAndLanguage
    matrix_test.go:21: event=cache_bypass              policy=static   key= origins=0 dests=0 err=
    matrix_test.go:21: event=api_request               policy=static   key= origins=1 dests=1 err=
--- PASS: TestExecuteMatrixSupportsRegionAndLanguage (0.00s)
=== RUN   TestExecuteMatrixUsesStaticCache
    matrix_test.go:21: event=cache_miss                policy=static   key=matrix:static:v1:f0002f6675fec11cc44b7f22e0bcd0293fdfc37268bf5f46ca92179b8ef5d94b origins=0 dests=0 err=
    matrix_test.go:21: event=api_request               policy=static   key= origins=1 dests=1 err=
    matrix_test.go:21: event=cache_store               policy=static   key=matrix:static:v1:f0002f6675fec11cc44b7f22e0bcd0293fdfc37268bf5f46ca92179b8ef5d94b origins=0 dests=0 err=
    matrix_test.go:21: event=cache_hit                 policy=static   key=matrix:static:v1:f0002f6675fec11cc44b7f22e0bcd0293fdfc37268bf5f46ca92179b8ef5d94b origins=0 dests=0 err=
--- PASS: TestExecuteMatrixUsesStaticCache (0.00s)
=== RUN   TestExecuteMatrixEmitsCacheEventsAndMetrics
    matrix_test.go:21: event=cache_miss                policy=static   key=matrix:static:v1:f0002f6675fec11cc44b7f22e0bcd0293fdfc37268bf5f46ca92179b8ef5d94b origins=0 dests=0 err=
    matrix_test.go:21: event=api_request               policy=static   key= origins=1 dests=1 err=
    matrix_test.go:21: event=cache_store               policy=static   key=matrix:static:v1:f0002f6675fec11cc44b7f22e0bcd0293fdfc37268bf5f46ca92179b8ef5d94b origins=0 dests=0 err=
    matrix_test.go:21: event=cache_hit                 policy=static   key=matrix:static:v1:f0002f6675fec11cc44b7f22e0bcd0293fdfc37268bf5f46ca92179b8ef5d94b origins=0 dests=0 err=
--- PASS: TestExecuteMatrixEmitsCacheEventsAndMetrics (0.00s)
PASS
ok      github.com/ROP-TEAM/rop-algorithm/test  8.920s